JSON Decode Error after continuation: Invalid control character at: line 1 column 30320 (char 30319)

Raw: 
{"index.html": "<!DOCTYPE html>\n<html lang=\"en\">\n<head>\n    <meta charset=\"UTF-8\">\n    <meta name=\"viewport\" content=\"width=device-width, initial-scale=1.0, user-scalable=no\">\n    <title>NEON BREAKER</title>\n    <link href=\"https://fonts.googleapis.com/css2?family=Orbitron:wght@400;700;900&display=swap\" rel=\"stylesheet\">\n    <style>\n        * {\n            margin: 0;\n            padding: 0;\n            box-sizing: border-box;\n        }\n\n        body {\n            background: #050508;\n            min-height: 100vh;\n            display: flex;\n            justify-content: center;\n            align-items: center;\n            font-family: 'Orbitron', 'Courier New', monospace;\n            overflow: hidden;\n        }\n\n        #game-container {\n            position: relative;\n            touch-action: none;\n        }\n\n        #gameCanvas {\n            display: block;\n            border: 2px solid #00ffff;\n            box-shadow: 0 0 30px rgba(0, 255, 255, 0.5),\n                        inset 0 0 60px rgba(0, 255, 255, 0.1);\n            border-radius: 4px;\n            max-width: 100vw;\n            max-height: 100vh;\n        }\n\n        #ui-overlay {\n            position: absolute;\n            top: 0;\n            left: 0;\n            width: 100%;\n            height: 100%;\n            pointer-events: none;\n            display: flex;\n            flex-direction: column;\n            justify-content: center;\n            align-items: center;\n        }\n\n        .overlay-screen {\n            display: none;\n            flex-direction: column;\n            align-items: center;\n            text-align: center;\n            padding: 40px;\n        }\n\n        .overlay-screen.active {\n            display: flex;\n        }\n\n        #title-screen {\n            background: rgba(10, 10, 18, 0.95);\n        }\n\n        #pause-screen, #gameover-screen, #levelcomplete-screen {\n            background: rgba(10, 10, 18, 0.9);\n        }\n\n        .game-title {\n            font-size: 48px;\n            font-weight: 900;\n            color: #00ffff;\n            text-shadow: 0 0 20px #00ffff, 0 0 40px #00ffff, 0 0 60px #00ffff;\n            margin-bottom: 10px;\n            animation: pulse 2s ease-in-out infinite;\n        }\n\n        .subtitle {\n            font-size: 18px;\n            color: #ff00ff;\n            text-shadow: 0 0 10px #ff00ff;\n            margin-bottom: 40px;\n            letter-spacing: 4px;\n        }\n\n        .prompt {\n            font-size: 20px;\n            color: #ffff00;\n            text-shadow: 0 0 10px #ffff00;\n            animation: blink 1s ease-in-out infinite;\n            pointer-events: auto;\n            cursor: pointer;\n            padding: 15px 30px;\n            border: 2px solid #ffff00;\n            background: transparent;\n            font-family: 'Orbitron', monospace;\n            transition: all 0.3s;\n        }\n\n        .prompt:hover {\n            background: rgba(255, 255, 0, 0.2);\n            transform: scale(1.05);\n        }\n\n        .high-score-display {\n            font-size: 16px;\n            color: #00ff88;\n            margin-top: 30px;\n            text-shadow: 0 0 10px #00ff88;\n        }\n\n        .game-over-title {\n            font-size: 42px;\n            font-weight: 900;\n            color: #ff0044;\n            text-shadow: 0 0 20px #ff0044, 0 0 40px #ff0044;\n            margin-bottom: 20px;\n        }\n\n        .final-score {\n            font-size: 24px;\n            color: #00ffff;\n            text-shadow: 0 0 10px #00ffff;\n            margin-bottom: 10px;\n        }\n\n        .new-highscore {\n            font-size: 20px;\n            color: #ffff00;\n            text-shadow: 0 0 15px #ffff00;\n            animation: blink 0.5s ease-in-out infinite;\n            margin-bottom: 20px;\n        }\n\n        .level-clear-title {\n            font-size: 36px;\n            font-weight: 900;\n            color: #00ffff;\n            text-shadow: 0 0 20px #00ffff, 0 0 40px #00ffff;\n            margin-bottom: 20px;\n        }\n\n        .bonus-text {\n            font-size: 18px;\n            color: #00ff88;\n            text-shadow: 0 0 10px #00ff88;\n            margin-bottom: 10px;\n        }\n\n        .paused-title {\n            font-size: 48px;\n            font-weight: 900;\n            color: #00ffff;\n            text-shadow: 0 0 20px #00ffff, 0 0 40px #00ffff;\n            margin-bottom: 20px;\n        }\n\n        .resume-text {\n            font-size: 16px;\n            color: #ff00ff;\n            text-shadow: 0 0 10px #ff00ff;\n        }\n\n        @keyframes pulse {\n            0%, 100% { opacity: 1; transform: scale(1); }\n            50% { opacity: 0.8; transform: scale(1.02); }\n        }\n\n        @keyframes blink {\n            0%, 100% { opacity: 1; }\n            50% { opacity: 0.3; }\n        }\n\n        #scanlines {\n            position: absolute;\n            top: 0;\n            left: 0;\n            width: 100%;\n            height: 100%;\n            background: repeating-linear-gradient(\n                0deg,\n                rgba(0, 0, 0, 0.1) 0px,\n                rgba(0, 0, 0, 0.1) 1px,\n                transparent 1px,\n                transparent 3px\n            );\n            pointer-events: none;\n            opacity: 0.3;\n        }\n\n        #vignette {\n            position: absolute;\n            top: 0;\n            left: 0;\n            width: 100%;\n            height: 100%;\n            background: radial-gradient(ellipse at center, transparent 50%, rgba(0, 0, 0, 0.5) 100%);\n            pointer-events: none;\n        }\n\n        @media (max-width: 850px) {\n            .game-title {\n                font-size: 32px;\n            }\n            .subtitle {\n                font-size: 14px;\n            }\n            .prompt {\n                font-size: 16px;\n                padding: 12px 24px;\n            }\n            .game-over-title, .paused-title, .level-clear-title {\n                font-size: 28px;\n            }\n            .final-score, .bonus-text {\n                font-size: 18px;\n            }\n        }\n    </style>\n</head>\n<body>\n    <div id=\"game-container\">\n        <canvas id=\"gameCanvas\" width=\"800\" height=\"600\"></canvas>\n        <div id=\"scanlines\"></div>\n        <div id=\"vignette\"></div>\n        <div id=\"ui-overlay\">\n            <div id=\"title-screen\" class=\"overlay-screen active\">\n                <div class=\"game-title\">NEON BREAKER</div>\n                <div class=\"subtitle\">BRICKS FIRE BACK</div>\n                <button class=\"prompt\" id=\"start-btn\">CLICK TO START</button>\n                <div class=\"high-score-display\" id=\"title-highscore\">HIGH SCORE: 0</div>\n            </div>\n            <div id=\"pause-screen\" class=\"overlay-screen\">\n                <div class=\"paused-title\">PAUSED</div>\n                <div class=\"resume-text\">Press P or ESC to resume</div>\n            </div>\n            <div id=\"gameover-screen\" class=\"overlay-screen\">\n                <div class=\"game-over-title\">GAME OVER</div>\n                <div class=\"final-score\" id=\"final-score\">SCORE: 0</div>\n                <div class=\"new-highscore\" id=\"new-highscore\" style=\"display: none;\">NEW HIGH SCORE!</div>\n                <button class=\"prompt\" id=\"restart-btn\">CLICK TO RESTART</button>\n            </div>\n            <div id=\"levelcomplete-screen\" class=\"overlay-screen\">\n                <div class=\"level-clear-title\">LEVEL CLEAR</div>\n                <div class=\"bonus-text\" id=\"level-bonus\">BONUS: +500</div>\n                <div class=\"bonus-text\" id=\"nodamage-bonus\" style=\"display: none;\">NO DAMAGE BONUS: +1000</div>\n            </div>\n        </div>\n    </div>\n\n    <script>\n        // ============================================\n        // AUDIO MANAGER - Web Audio API Sound Effects\n        // ============================================\n        class AudioManager {\n            constructor() {\n                this.ctx = null;\n                this.enabled = true;\n                this.initialized = false;\n            }\n\n            init() {\n                if (this.initialized) return;\n                try {\n                    this.ctx = new (window.AudioContext || window.webkitAudioContext)();\n                    this.initialized = true;\n                } catch (e) {\n                    console.warn('Web Audio not supported');\n                    this.enabled = false;\n                }\n            }\n\n            playTone(frequency, duration, type = 'square', volume = 0.1) {\n                if (!this.enabled || !this.ctx) return;\n                const osc = this.ctx.createOscillator();\n                const gain = this.ctx.createGain();\n                osc.type = type;\n                osc.frequency.setValueAtTime(frequency, this.ctx.currentTime);\n                gain.gain.setValueAtTime(volume, this.ctx.currentTime);\n                gain.gain.exponentialRampToValueAtTime(0.001, this.ctx.currentTime + duration);\n                osc.connect(gain);\n                gain.connect(this.ctx.destination);\n                osc.start();\n                osc.stop(this.ctx.currentTime + duration);\n            }\n\n            paddleHit() {\n                this.playTone(440, 0.1, 'square', 0.08);\n                this.playTone(880, 0.05, 'square', 0.05);\n            }\n\n            brickHit() {\n                this.playTone(523, 0.1, 'square', 0.08);\n            }\n\n            brickDestroy() {\n                this.playTone(659, 0.15, 'sawtooth', 0.1);\n                this.playTone(523, 0.1, 'square', 0.08);\n            }\n\n            laserFire() {\n                this.playTone(200, 0.2, 'sawtooth', 0.06);\n                this.playTone(150, 0.3, 'square', 0.04);\n            }\n\n            playerHit() {\n                this.playTone(150, 0.3, 'sawtooth', 0.15);\n                this.playTone(100, 0.4, 'square', 0.1);\n            }\n\n            levelUp() {\n                [523, 659, 784, 1047].forEach((freq, i) => {\n                    setTimeout(() => this.playTone(freq, 0.2, 'square', 0.08), i * 100);\n                });\n            }\n\n            gameOver() {\n                [400, 350, 300, 200].forEach((freq, i) => {\n                    setTimeout(() => this.playTone(freq, 0.3, 'sawtooth', 0.1), i * 150);\n                });\n            }\n\n            ballLaunch() {\n                this.playTone(660, 0.1, 'sine', 0.1);\n                this.playTone(880, 0.1, 'sine', 0.08);\n            }\n\n            combo() {\n                this.playTone(880, 0.08, 'sine', 0.06);\n                this.playTone(1100, 0.08, 'sine', 0.06);\n            }\n        }\n\n        // ============================================\n        // PARTICLE SYSTEM\n        // ============================================\n        class Particle {\n            constructor(x, y, color, velocity, life = 1) {\n                this.x = x;\n                this.y = y;\n                this.color = color;\n                this.vx = velocity.x;\n                this.vy = velocity.y;\n                this.life = life;\n                this.maxLife = life;\n                this.size = Math.random() * 4 + 2;\n            }\n\n            update() {\n                this.x += this.vx;\n                this.y += this.vy;\n                this.vy += 0.1; // gravity\n                this.life -= 0.02;\n                return this.life > 0;\n            }\n\n            draw(ctx) {\n                const alpha = this.life / this.maxLife;\n                ctx.save();\n                ctx.globalAlpha = alpha;\n                ctx.fillStyle = this.color;\n                ctx.shadowBlur = 10;\n                ctx.shadowColor = this.color;\n                ctx.fillRect(this.x - this.size / 2, this.y - this.size / 2, this.size, this.size);\n                ctx.restore();\n            }\n        }\n\n        class ParticleSystem {\n            constructor() {\n                this.particles = [];\n            }\n\n            emit(x, y, color, count = 15) {\n                for (let i = 0; i < count; i++) {\n                    const angle = Math.random() * Math.PI * 2;\n                    const speed = Math.random() * 6 + 2;\n                    this.particles.push(new Particle(x, y, color, {\n                        x: Math.cos(angle) * speed,\n                        y: Math.sin(angle) * speed - 2\n                    }));\n                }\n            }\n\n            update() {\n                this.particles = this.particles.filter(p => p.update());\n            }\n\n            draw(ctx) {\n                this.particles.forEach(p => p.draw(ctx));\n            }\n        }\n\n        // ============================================\n        // BALL CLASS\n        // ============================================\n        class Ball {\n            constructor(x, y) {\n                this.x = x;\n                this.y = y;\n                this.radius = 6;\n                this.baseSpeed = 7;\n                this.speed = this.baseSpeed;\n                this.dx = 0;\n                this.dy = 0;\n                this.docked = true;\n                this.trail = [];\n                this.maxTrail = 8;\n                this.lastY = y;\n                this.stuckTimer = 0;\n            }\n\n            launch() {\n                if (!this.docked) return;\n                this.docked = false;\n                const angle = (Math.random() * 60 - 30) * Math.PI / 180;\n                this.dx = Math.sin(angle) * this.speed;\n                this.dy = -Math.cos(angle) * this.speed;\n            }\n\n            update(paddle) {\n                if (this.docked) {\n                    this.x = paddle.x + paddle.width / 2;\n                    this.y = paddle.y - this.radius - 2;\n                    return;\n                }\n\n                // Stuck detection\n                if (Math.abs(this.dy) < 0.5) {\n                    this.stuckTimer++;\n                    if (this.stuckTimer > 300) {\n                        this.dy += (Math.random() - 0.5) * 2;\n                        this.stuckTimer = 0;\n                    }\n                } else {\n                    this.stuckTimer = 0;\n                }\n\n                // Trail\n                this.trail.unshift({ x: this.x, y: this.y });\n                if (this.trail.length > this.maxTrail) {\n                    this.trail.pop();\n                }\n\n                this.x += this.dx;\n                this.y += this.dy;\n\n                // Speed decay\n                if (this.speed > this.baseSpeed) {\n                    this.speed -= 0.005;\n                }\n            }\n\n            draw(ctx) {\n                // Trail\n                this.trail.forEach((pos, i) => {\n                    const alpha = (1 - i / this.maxTrail) * 0.5;\n                    const size = this.radius * (1 - i / this.maxTrail * 0.5);\n                    ctx.save();\n                    ctx.globalAlpha = alpha;\n                    ctx.fillStyle = '#ffff00';\n                    ctx.shadowBlur = 10;\n                    ctx.shadowColor = '#ffff00';\n                    ctx.beginPath();\n                    ctx.arc(pos.x, pos.y, size, 0, Math.PI * 2);\n                    ctx.fill();\n                    ctx.restore();\n                });\n\n                // Main ball\n                ctx.save();\n                ctx.fillStyle = '#ffff00';\n                ctx.shadowBlur = 20;\n                ctx.shadowColor = '#ffff00';\n                ctx.beginPath();\n                ctx.arc(this.x, this.y, this.radius, 0, Math.PI * 2);\n                ctx.fill();\n                ctx.restore();\n            }\n\n            checkWallCollision(width, height) {\n                // Left/Right walls\n                if (this.x - this.radius < 0) {\n                    this.x = this.radius;\n                    this.dx = Math.abs(this.dx);\n                }\n                if (this.x + this.radius > width) {\n                    this.x = width - this.radius;\n                    this.dx = -Math.abs(this.dx);\n                }\n                // Top\n                if (this.y - this.radius < 40) {\n                    this.y = 40 + this.radius;\n                    this.dy = Math.abs(this.dy);\n                }\n            }\n\n            checkPaddleCollision(paddle) {\n                if (this.dy < 0) return false;\n                \n                const px = paddle.x;\n                const py = paddle.y;\n                const pw = paddle.width;\n                const ph = paddle.height;\n\n                if (this.x + this.radius > px && this.x - this.radius < px + pw &&\n                    this.y + this.radius > py && this.y - this.radius < py + ph) {\n                    \n                    this.y = py - this.radius - 1;\n                    \n                    // Angle based on hit position\n                    const hitPos = (this.x - px) / pw;\n                    const angle = (hitPos - 0.5) * Math.PI * 0.7;\n                    \n                    this.dx = Math.sin(angle) * this.speed;\n                    this.dy = -Math.cos(angle) * this.speed;\n                    \n                    return true;\n                }\n                return false;\n            }\n        }\n\n        // ============================================\n        // PADDLE CLASS\n        // ============================================\n        class Paddle {\n            constructor(x, y) {\n                this.x = x;\n                this.y = y;\n                this.width = 120;\n                this.height = 15;\n                this.targetX = x;\n                this.speed = 12;\n                this.invincible = false;\n                this.invincibleTimer = 0;\n                this.flashTimer = 0;\n            }\n\n            update(canvasWidth) {\n                // Smooth movement\n                this.x += (this.targetX - this.x) * 0.15;\n                \n                // Bounds\n                if (this.x < 10) this.x = 10;\n                if (this.x + this.width > canvasWidth - 10) this.x = canvasWidth - this.width - 10;\n\n                // Invincibility\n                if (this.invincible) {\n                    this.invincibleTimer--;\n                    this.flashTimer++;\n                    if (this.invincibleTimer <= 0) {\n                        this.invincible = false;\n                    }\n                }\n            }\n\n            draw(ctx) {\n                ctx.save();\n                \n                // Flash effect when invincible\n                if (this.invincible && Math.floor(this.flashTimer / 5) % 2 === 0) {\n                    ctx.globalAlpha = 0.3;\n                }\n\n                // Glow\n                ctx.shadowBlur = 20;\n                ctx.shadowColor = this.invincible ? '#ff0044' : '#00ffff';\n                \n                // Main paddle\n                ctx.fillStyle = this.invincible ? '#ff0044' : '#00ffff';\n                ctx.beginPath();\n                ctx.roundRect(this.x, this.y, this.width, this.height, 5);\n                ctx.fill();\n                \n                // Inner highlight\n                ctx.fillStyle = 'rgba(255, 255, 255, 0.3)';\n                ctx.beginPath();\n                ctx.roundRect(this.x + 5, this.y + 2, this.width - 10, 4, 2);\n                ctx.fill();\n                \n                ctx.restore();\n            }\n\n            hit() {\n                this.invincible = true;\n                this.invincibleTimer = 90; // 1.5 seconds at 60fps\n                this.flashTimer = 0;\n            }\n\n            moveLeft() {\n                this.targetX -= this.speed;\n            }\n\n            moveRight(canvasWidth) {\n                this.targetX += this.speed;\n            }\n        }\n\n        // ============================================\n        // BRICK CLASS\n        // ============================================\n        class Brick {\n            constructor(x, y, tier) {\n                this.x = x;\n                this.y = y;\n                this.width = 70;\n                this.height = 25;\n                this.tier = tier;\n                this.hp = tier;\n                this.maxHp = tier;\n                this.points = tier * 10 * (tier === 4 ? 2 : 1);\n                this.fireRate = tier === 1 ? 0 : (tier === 2 ? 240 : tier === 3 ? 150 : 90);\n                this.fireTimer = Math.random() * this.fireRate;\n                this.charging = false;\n                this.chargeTime = 30;\n                this.chargeTimer = 0;\n                this.flashTimer = 0;\n                this.active = true;\n            }\n\n            getColor() {\n                const colors = ['#00ff88', '#ff8800', '#ff0044', '#ff00ff'];\n                return colors[this.tier - 1];\n            }\n\n            update(level) {\n                if (!this.active || this.tier === 1) return;\n                \n                const rateMod = Math.max(0.5, 1 - (level - 1) * 0.1);\n                const adjustedRate = this.fireRate * rateMod;\n                \n                this.fireTimer++;\n                \n                if (this.fireTimer >= adjustedRate - this.chargeTime && !this.charging) {\n                    this.charging = true;\n                    this.chargeTimer = 0;\n                }\n                \n                if (this.charging) {\n                    this.chargeTimer++;\n                    if (this.chargeTimer >= this.chargeTime) {\n                        this.fireTimer = 0;\n                        this.charging = false;\n                        return true; // Should fire\n                    }\n                }\n                return false;\n            }\n\n            draw(ctx) {\n                if (!this.active) return;\n                \n                const color = this.getColor();\n                \n                ctx.save();\n                \n                // Charging glow\n                if (this.charging) {\n                    const pulse = Math.sin(this.chargeTimer * 0.3) * 0.5 + 0.5;\n                    ctx.shadowBlur = 30 * pulse;\n                    ctx.shadowColor = '#ff00ff';\n                } else {\n                    ctx.shadowBlur = 10;\n                    ctx.shadowColor = color;\n                }\n                \n                // Main brick\n                ctx.fillStyle = color;\n                ctx.fillRect(this.x, this.y, this.width, this.height);\n                \n                // Damage cracks\n                if (this.hp < this.maxHp) {\n                    ctx.strokeStyle = 'rgba(0, 0, 0, 0.5)';\n                    ctx.lineWidth = 2;\n                    const cracks = this.maxHp - this.hp;\n                    for (let i = 0; i < cracks; i++) {\n                        ctx.beginPath();\n                        ctx.moveTo(this.x + 15 + i * 20, this.y);\n                        ctx.lineTo(this.x + 25 + i * 20, this.y + this.height);\n                        ctx.stroke();\n                    }\n                }\n                \n                // HP indicator\n                ctx.fillStyle = 'rgba(255, 255, 255, 0.8)';\n                ctx.font = '12px Orbitron';\n                ctx.textAlign = 'center';\n                ctx.fillText(this.hp.toString(), this.x + this.width / 2, this.y + this.height / 2 + 4);\n                \n                // Border\n                ctx.strokeStyle = 'rgba(255, 255, 255, 0.3)';\n                ctx.lineWidth = 1;\n                ctx.strokeRect(this.x, this.y, this.width, this.height);\n                \n                ctx.restore();\n            }\n\n            hit() {\n                this.hp--;\n                this.flashTimer = 5;\n                if (this.hp <= 0) {\n                    this.active = false;\n                    return true;\n                }\n                return false;\n            }\n        }\n\n        // ============================================\n        // LASER CLASS\n        // ============================================\n        class Laser {\n            constructor(x, y) {\n                this.x = x;\n                this.y = y;\n                this.width = 3;\n                this.height = 20;\n                this.speed = 8;\n                this.active = true;\n            }\n\n            update() {\n                this.y += this.speed;\n                return this.y < 620;\n            }\n\n            draw(ctx) {\n                ctx.save();\n                ctx.fillStyle = '#ff00ff';\n                ctx.shadowBlur = 15;\n                ctx.shadowColor = '#ff00ff';\n                ctx.fillRect(this.x - this.width / 2, this.y, this.width, this.height);\n                \n                // Glow trail\n                const gradient = ctx.createLinearGradient(this.x, this.y, this.x, this.y + this.height + 10);\n                gradient.addColorStop(0, 'rgba(255, 0, 255, 0.8)');\n                gradient.addColorStop(1, 'rgba(255, 0, 255, 0)');\n                ctx.fillStyle = gradient;\n                ctx.fillRect(this.x - this.width / 2 - 5, this.y + this.height, this.width + 10, 15);\n                ctx.restore();\n            }\n\n            checkCollision(paddle) {\n                return this.x > paddle.x && this.x < paddle.x + paddle.width &&\n                       this.y + this.height > paddle.y && this.y < paddle.y + paddle.height;\n            }\n        }\n\n        // ============================================\n        // MAIN GAME CLASS\n        // ============================================\n        class Game {\n            constructor() {\n                this.canvas = document.getElementById('gameCanvas');\n                this.ctx = this.canvas.getContext('2d');\n                this.width = 800;\n                this.height = 600;\n                \n                // Game state\n                this.state = 'title'; // title, playing, paused, gameover, levelcomplete\n                this.score = 0;\n                this.lives = 3;\n                this.level = 1;\n                this.highScore = parseInt(localStorage.getItem('neonBreakerHighScore')) || 0;\n                this.speedrunTime = 0;\n                this.lastTime = 0;\n                \n                // Combo system\n                this.combo = 0;\n                this.comboTimer = 0;\n                this.comboDisplay = 0;\n                \n                // Level tracking\n                this.noDamageThisLevel = true;\n                \n                // Screen shake\n                this.shakeAmount = 0;\n                this.shakeTimer = 0;\n                \n                // Stars background\n                this.stars = [];\n                for (let i = 0; i < 100; i++) {\n                    this.stars.push({\n                        x: Math.random() * this.width,\n                        y: Math.random() * this.height,\n                        size: Math.random() * 2 + 0.5,\n                        speed: Math.random() * 0.5 + 0.1\n                    });\n                }\n                \n                // Systems\n                this.audio = new AudioManager();\n                this.particles = new ParticleSystem();\n                \n                // Entities\n                this.paddle = null;\n                this.ball = null;\n                this.bricks = [];\n                this.lasers = [];\n                \n                // Input\n                this.mouseX = this.width / 2;\n                this.keys = {};\n                \n                this.setupInput();\n                this.setupUI();\n                this.updateHighScoreDisplay();\n                \n                // Start loop\n                this.loop = this.loop.bind(this);\n                requestAnimationFrame(this.loop);\n            }\n\n            setupInput() {\n                // Mouse\n                this.canvas.addEventListener('mousemove', (e) => {\n                    const rect = this.canvas.getBoundingClientRect();\n                    const scaleX = this.width / rect.width;\n                    this.mouseX = (e.clientX - rect.left) * scaleX;\n                });\n\n                this.canvas.addEventListener('click', () => {\n                    this.audio.init();\n                    if (this.state === 'playing' && this.ball.docked) {\n                        this.ball.launch();\n                        this.audio.ballLaunch();\n                    }\n                });\n\n                // Touch\n                this.canvas.addEventListener('touchmove', (e) => {\n                    e.preventDefault();\n                    const rect = this.canvas.getBoundingClientRect();\n                    const scaleX = this.width / rect.width;\n                    this.mouseX = (e.touches[0].clientX - rect.left) * scaleX;\n                }, { passive: false });\n\n                this.canvas.addEventListener('touchstart', (e) => {\n                    e.preventDefault();\n                    this.audio.init();\n                    if (this.state === 'playing' && this.ball.docked) {\n                        this.ball.launch();\n                        this.audio.ballLaunch();\n                    }\n                }, { passive: false });\n\n                // Keyboard\n                document.addEventListener('keydown', (e) => {\n                    this.keys[e.code] = true;\n                    if (e.code === 'Space' && this.state === 'playing' && this.ball.docked) {\n                        this.ball.launch();\n                        this.audio.ballLaunch();\n                    }\n                    if ((e.code === 'KeyP' || e.code === 'Escape') && (this.state === 'playing' || this.state === 'paused')) {\n                        this.togglePause();\n                    }\n                });\n\n                document.addEventListener('keyup', (e) => {\n                    thiskeys[e.code] = false;
                });
            }

            setupUI() {
                document.getElementById('start-btn').addEventListener('click', () => {
                    this.audio.init();
                    this.startGame();
                });
                document.getElementById('restart-btn').addEventListener('click', () => {
                    this.audio.init();
                    this.startGame();
                });
            }

            updateHighScoreDisplay() {
                document.getElementById('title-highscore').textContent = `HIGH SCORE: ${this.highScore}`;
            }

            showScreen(id) {
                this.hideAllScreens();
                const screen = document.getElementById(id);
                if (screen) screen.classList.add('active');
            }

            hideAllScreens() {
                document.querySelectorAll('.overlay-screen').forEach(s => s.classList.remove('active'));
            }

            startGame() {
                this.state = 'playing';
                this.score = 0;
                this.lives = 3;
                this.level = 1;
                this.combo = 0;
                this.comboTimer = 0;
                this.noDamageThisLevel = true;
                this.hideAllScreens();
                this.initEntities();
            }

            initEntities() {
                this.paddle = new Paddle(this.width / 2 - 60, this.height - 40);
                this.ball = new Ball(this.paddle.x + this.paddle.width / 2, this.paddle.y - 8);
                this.bricks = [];
                this.lasers = [];
                this.createLevel();
            }

            createLevel() {
                this.bricks = [];
                const patterns = [
                    // Level 1 - Simple rows
                    () => {
                        const rows = 4;
                        const cols = 10;
                        const brickW = 70;
                        const brickH = 25;
                        const padding = 5;
                        const startX = (this.width - (cols * (brickW + padding))) / 2;
                        const startY = 80;
                        for (let row = 0; row < rows; row++) {
                            for (let col = 0; col < cols; col++) {
                                const tier = row < 1 ? 1 : row < 2 ? 1 : row < 3 ? 1 : 1;
                                this.bricks.push(new Brick(
                                    startX + col * (brickW + padding),
                                    startY + row * (brickH + padding),
                                    tier
                                ));
                            }
                        }
                    },
                    // Level 2 - Introduce tier 2
                    () => {
                        const rows = 5;
                        const cols = 10;
                        const brickW = 70;
                        const brickH = 25;
                        const padding = 5;
                        const startX = (this.width - (cols * (brickW + padding))) / 2;
                        const startY = 80;
                        for (let row = 0; row < rows; row++) {
                            for (let col = 0; col < cols; col++) {
                                const tier = row < 2 ? 1 : row < 4 ? 2 : 1;
                                this.bricks.push(new Brick(
                                    startX + col * (brickW + padding),
                                    startY + row * (brickH + padding),
                                    tier
                                ));
                            }
                        }
                    },
                    // Level 3 - Introduce tier 3
                    () => {
                        const rows = 5;
                        const cols = 10;
                        const brickW = 70;
                        const brickH = 25;
                        const padding = 5;
                        const startX = (this.width - (cols * (brickW + padding))) / 2;
                        const startY = 80;
                        for (let row = 0; row < rows; row++) {
                            for (let col = 0; col < cols; col++) {
                                const tier = row < 1 ? 3 : row < 3 ? 2 : 1;
                                this.bricks.push(new Brick(
                                    startX + col * (brickW + padding),
                                    startY + row * (brickH + padding),
                                    tier
                                ));
                            }
                        }
                    },
                    // Level 4 - Introduce tier 4
                    () => {
                        const rows = 5;
                        const cols = 10;
                        const brickW = 70;
                        const brickH = 25;
                        const padding = 5;
                        const startX = (this.width - (cols * (brickW + padding))) / 2;
                        const startY = 80;
                        for (let row = 0; row < rows; row++) {
                            for (let col = 0; col < cols; col++) {
                                const tier = row < 2 ? 4 : row < 3 ? 3 : row < 4 ? 2 : 1;
                                this.bricks.push(new Brick(
                                    startX + col * (brickW + padding),
                                    startY + row * (brickH + padding),
                                    tier
                                ));
                            }
                        }
                    },
                    // Level 5 - Dense grid
                    () => {
                        const rows = 6;
                        const cols = 10;
                        const brickW = 70;
                        const brickH = 25;
                        const padding = 5;
                        const startX = (this.width - (cols * (brickW + padding))) / 2;
                        const startY = 80;
                        for (let row = 0; row < rows; row++) {
                            for (let col = 0; col < cols; col++) {
                                const tier = Math.floor(Math.random() * 4) + 1;
                                this.bricks.push(new Brick(
                                    startX + col * (brickW + padding),
                                    startY + row * (brickH + padding),
                                    tier
                                ));
                            }
                        }
                    }
                ];

                const patternIndex = Math.min(this.level - 1, patterns.length - 1);
                patterns[patternIndex]();
            }

            spawnLaser(brick) {
                const laser = new Laser(brick.x + brick.width / 2, brick.y + brick.height);
                this.lasers.push(laser);
                this.audio.laserFire();
            }

            togglePause() {
                if (this.state === 'playing') {
                    this.state = 'paused';
                    this.showScreen('pause-screen');
                } else if (this.state === 'paused') {
                    this.state = 'playing';
                    this.hideAllScreens();
                }
            }

            update(deltaTime) {
                if (this.state !== 'playing') return;

                // Update paddle position from mouse
                this.paddle.targetX = this.mouseX - this.paddle.width / 2;
                this.paddle.update(this.width);

                // Update ball
                this.ball.update(this.paddle);

                // Ball wall collision
                this.ball.checkWallCollision(this.width, this.height);

                // Ball paddle collision
                if (this.ball.checkPaddleCollision(this.paddle)) {
                    this.audio.paddleHit();
                    this.particles.emit(this.ball.x, this.ball.y, '#00ffff', 8);
                }

                // Ball brick collision
                this.checkBallBrickCollision();

                // Update bricks (laser firing)
                this.bricks.forEach(brick => {
                    if (brick.update(this.level)) {
                        this.spawnLaser(brick);
                    }
                });

                // Update lasers
                this.lasers = this.lasers.filter(laser => laser.update());

                // Laser-paddle collision
                this.lasers.forEach(laser => {
                    if (laser.active && laser.checkCollision(this.paddle) && !this.paddle.invincible) {
                        laser.active = false;
                        this.playerHit();
                    }
                });
                this.lasers = this.lasers.filter(l => l.active);

                // Ball out of bounds
                if (this.ball.y > this.height + this.ball.radius) {
                    this.lives--;
                    if (this.lives <= 0) {
                        this.gameOver();
                    } else {
                        this.ball = new Ball(this.paddle.x + this.paddle.width / 2, this.paddle.y - 8);
                        this.lasers = [];
                    }
                }

                // Update particles
                this.particles.update();

                // Update combo timer
                if (this.comboTimer > 0) {
                    this.comboTimer--;
                    if (this.comboTimer <= 0) {
                        this.combo = 0;
                    }
                }

                // Screen shake
                if (this.shakeTimer > 0) {
                    this.shakeTimer--;
                    this.shakeAmount = this.shakeTimer > 0 ? 5 : 0;
                }

                // Check level complete
                if (this.bricks.every(b => !b.active)) {
                    this.levelComplete();
                }
            }

            checkBallBrickCollision() {
                const ball = this.ball;
                if (ball.docked) return;

                for (let brick of this.bricks) {
                    if (!brick.active) continue;

                    const bx = brick.x;
                    const by = brick.y;
                    const bw = brick.width;
                    const bh = brick.height;

                    // AABB collision
                    if (ball.x + ball.radius > bx && ball.x - ball.radius < bx + bw &&
                        ball.y + ball.radius > by && ball.y - ball.radius < by + bh) {
                        
                        // Determine collision side
                        const overlapLeft = ball.x + ball.radius - bx;
                        const overlapRight = bx + bw - (ball.x - ball.radius);
                        const overlapTop = ball.y + ball.radius - by;
                        const overlapBottom = by + bh - (ball.y - ball.radius);

                        const minOverlapX = Math.min(overlapLeft, overlapRight);
                        const minOverlapY = Math.min(overlapTop, overlapBottom);

                        if (minOverlapX < minOverlapY) {
                            ball.dx = -ball.dx;
                        } else {
                            ball.dy = -ball.dy;
                        }

                        // Hit brick
                        const destroyed = brick.hit();
                        this.audio.brickHit();

                        // Combo
                        this.combo++;
                        this.comboTimer = 60;
                        this.comboDisplay = this.combo;

                        if (this.combo > 1) {
                            this.audio.combo();
                        }

                        // Score
                        const points = brick.points * (1 + Math.floor(this.combo / 5) * 0.5);
                        this.score += Math.floor(points);

                        // Effects
                        this.particles.emit(brick.x + brick.width / 2, brick.y + brick.height / 2, brick.getColor(), destroyed ? 25 : 10);

                        if (destroyed) {
                            this.audio.brickDestroy();
                            this.shakeTimer = 10;
                        }

                        break; // Only hit one brick per frame
                    }
                }
            }

            playerHit() {
                this.noDamageThisLevel = false;
                this.paddle.hit();
                this.audio.playerHit();
                this.shakeTimer = 15;
                this.particles.emit(this.paddle.x + this.paddle.width / 2, this.paddle.y, '#ff0044', 20);
            }

            levelComplete() {
                this.state = 'levelcomplete';
                this.audio.levelUp();

                // Calculate bonus
                const levelBonus = 500 * this.level;
                const noDamageBonus = this.noDamageThisLevel ? 1000 : 0;
                const totalBonus = levelBonus + noDamageBonus;
                this.score += totalBonus;

                document.getElementById('level-bonus').textContent = `BONUS: +${levelBonus}`;
                document.getElementById('nodamage-bonus').style.display = this.noDamageThisLevel ? 'block' : 'none';

                this.showScreen('levelcomplete-screen');

                // Auto advance after delay
                setTimeout(() => {
                    if (this.state === 'levelcomplete') {
                        this.level++;
                        this.noDamageThisLevel = true;
                        this.state = 'playing';
                        this.hideAllScreens();
                        this.initEntities();
                    }
                }, 3000);
            }

            gameOver() {
                this.state = 'gameover';
                this.audio.gameOver();

                document.getElementById('final-score').textContent = `SCORE: ${this.score}`;

                const newHighscore = document.getElementById('new-highscore');
                if (this.score > this.highScore) {
                    this.highScore = this.score;
                    localStorage.setItem('neonBreakerHighScore', this.highScore);
                    newHighscore.style.display = 'block';
                    this.updateHighScoreDisplay();
                } else {
                    newHighscore.style.display = 'none';
                }

                this.showScreen('gameover-screen');
            }

            draw() {
                const ctx = this.ctx;
                
                // Apply screen shake
                ctx.save();
                if (this.shakeAmount > 0) {
                    ctx.translate(
                        (Math.random() - 0.5) * this.shakeAmount,
                        (Math.random() - 0.5) * this.shakeAmount
                    );
                }

                // Clear and draw background
                this.drawBackground(ctx);

                // Draw bricks
                this.bricks.forEach(brick => brick.draw(ctx));

                // Draw lasers
                this.lasers.forEach(laser => laser.draw(ctx));

                // Draw paddle
                this.paddle.draw(ctx);

                // Draw ball
                this.ball.draw(ctx);

                // Draw particles
                this.particles.draw(ctx);

                // Draw HUD
                this.drawHUD(ctx);

                ctx.restore();
            }

            drawBackground(ctx) {
                // Dark background
                ctx.fillStyle = '#050508';
                ctx.fillRect(0, 0, this.width, this.height);

                // Animated stars
                ctx.fillStyle = 'rgba(255, 255, 255, 0.5)';
                this.stars.forEach(star => {
                    star.y += star.speed;
                    if (star.y > this.height) {
                        star.y = 0;
                        star.x = Math.random() * this.width;
                    }
                    ctx.beginPath();
                    ctx.arc(star.x, star.y, star.size, 0, Math.PI * 2);
                    ctx.fill();
                });

                // Grid lines
                ctx.strokeStyle = 'rgba(0, 255, 255, 0.05)';
                ctx.lineWidth = 1;
                for (let x = 0; x < this.width; x += 40) {
                    ctx.beginPath();
                    ctx.moveTo(x, 0);
                    ctx.lineTo(x, this.height);
                    ctx.stroke();
                }
                for (let y = 0; y < this.height; y += 40) {
                    ctx.beginPath();
                    ctx.moveTo(0, y);
                    ctx.lineTo(this.width, y);
                    ctx.stroke();
                }
            }

            drawHUD(ctx) {
                ctx.save();
                ctx.font = '16px Orbitron';
                ctx.textAlign = 'left';
                ctx.fillStyle = '#00ffff';
                ctx.shadowBlur = 10;
                ctx.shadowColor = '#00ffff';

                // Score
                ctx.fillText(`SCORE: ${this.score}`, 20, 28);

                // Lives
                ctx.fillStyle = '#ff0044';
                ctx.shadowColor = '#ff0044';
                ctx.fillText(`LIVES: ${this.lives}`, this.width / 2 - 60, 28);

                // Level
                ctx.fillStyle = '#00ff88';
                ctx.shadowColor = '#00ff88';
                ctx.textAlign = 'right';
                ctx.fillText(`LEVEL: ${this.level}`, this.width - 20, 28);

                // Combo
                if (this.comboDisplay > 1) {
                    ctx.textAlign = 'center';
                    ctx.font = '20px Orbitron';
                    ctx.fillStyle = '#ffff00';
                    ctx.shadowColor = '#ffff00';
                    ctx.shadowBlur = 15;
                    const pulse = Math.sin(Date.now() * 0.01) * 0.2 + 1;
                    ctx.font = `${20 * pulse}px Orbitron`;
                    ctx.fillText(`${this.comboDisplay}x COMBO!`, this.width / 2, 55);
                }

                ctx.restore();
            }

            loop(timestamp) {
                const deltaTime = timestamp - this.lastTime;
                this.lastTime = timestamp;

                this.update(deltaTime);
                this.draw();

                requestAnimationFrame(this.loop);
            }
        }

        // Start game when page loads
        window.addEventListener('load', () => {
            new Game();
        });
    </script>
</body>
</html>"}